[ +234 ms] Artifact Instance of 'MaterialFonts' is not required, skipping update.
[        ] Artifact Instance of 'GradleWrapper' is not required, skipping update.
[        ] Artifact Instance of 'AndroidGenSnapshotArtifacts' is not required, skipping update.
[        ] Artifact Instance of 'AndroidInternalBuildArtifacts' is not required, skipping update.
[        ] Artifact Instance of 'IOSEngineArtifacts' is not required, skipping update.
[        ] Artifact Instance of 'FlutterWebSdk' is not required, skipping update.
[        ] Artifact Instance of 'LegacyCanvasKitRemover' is not required, skipping update.
[        ] Artifact Instance of 'FlutterSdk' is not required, skipping update.
[        ] Artifact Instance of 'WindowsEngineArtifacts' is not required, skipping update.
[        ] Artifact Instance of 'MacOSEngineArtifacts' is not required, skipping update.
[        ] Artifact Instance of 'LinuxEngineArtifacts' is not required, skipping update.
[        ] Artifact Instance of 'LinuxFuchsiaSDKArtifacts' is not required, skipping update.
[        ] Artifact Instance of 'MacOSFuchsiaSDKArtifacts' is not required, skipping update.
[        ] Artifact Instance of 'FlutterRunnerSDKArtifacts' is not required, skipping update.
[        ] Artifact Instance of 'FlutterRunnerDebugSymbols' is not required, skipping update.
[        ] Artifact Instance of 'IosUsbArtifacts' is not required, skipping update.
[        ] Artifact Instance of 'IosUsbArtifacts' is not required, skipping update.
[        ] Artifact Instance of 'IosUsbArtifacts' is not required, skipping update.
[        ] Artifact Instance of 'IosUsbArtifacts' is not required, skipping update.
[        ] Artifact Instance of 'IosUsbArtifacts' is not required, skipping update.
[        ] Artifact Instance of 'IosUsbArtifacts' is not required, skipping update.
[        ] Artifact Instance of 'FontSubsetArtifacts' is not required, skipping update.
[        ] Artifact Instance of 'PubDependencies' is not required, skipping update.
[  +90 ms] Found 1 files which will be executed as Widget Tests.
[   +5 ms] Artifact Instance of 'AndroidGenSnapshotArtifacts' is not required, skipping update.
[        ] Artifact Instance of 'AndroidInternalBuildArtifacts' is not required, skipping update.
[        ] Artifact Instance of 'IOSEngineArtifacts' is not required, skipping update.
[        ] Artifact Instance of 'FlutterWebSdk' is not required, skipping update.
[        ] Artifact Instance of 'FlutterEngineStamp' is not required, skipping update.
[        ] Artifact Instance of 'LegacyCanvasKitRemover' is not required, skipping update.
[   +2 ms] Artifact Instance of 'WindowsEngineArtifacts' is not required, skipping update.
[        ] Artifact Instance of 'MacOSEngineArtifacts' is not required, skipping update.
[        ] Artifact Instance of 'LinuxEngineArtifacts' is not required, skipping update.
[        ] Artifact Instance of 'LinuxFuchsiaSDKArtifacts' is not required, skipping update.
[        ] Artifact Instance of 'MacOSFuchsiaSDKArtifacts' is not required, skipping update.
[        ] Artifact Instance of 'FlutterRunnerSDKArtifacts' is not required, skipping update.
[        ] Artifact Instance of 'FlutterRunnerDebugSymbols' is not required, skipping update.
[  +45 ms] Artifact Instance of 'MaterialFonts' is not required, skipping update.
[        ] Artifact Instance of 'GradleWrapper' is not required, skipping update.
[        ] Artifact Instance of 'AndroidGenSnapshotArtifacts' is not required, skipping update.
[        ] Artifact Instance of 'AndroidInternalBuildArtifacts' is not required, skipping update.
[        ] Artifact Instance of 'IOSEngineArtifacts' is not required, skipping update.
[        ] Artifact Instance of 'FlutterWebSdk' is not required, skipping update.
[        ] Artifact Instance of 'FlutterEngineStamp' is not required, skipping update.
[        ] Artifact Instance of 'LegacyCanvasKitRemover' is not required, skipping update.
[        ] Artifact Instance of 'FlutterSdk' is not required, skipping update.
[        ] Artifact Instance of 'WindowsEngineArtifacts' is not required, skipping update.
[        ] Artifact Instance of 'MacOSEngineArtifacts' is not required, skipping update.
[        ] Artifact Instance of 'LinuxEngineArtifacts' is not required, skipping update.
[        ] Artifact Instance of 'LinuxFuchsiaSDKArtifacts' is not required, skipping update.
[        ] Artifact Instance of 'MacOSFuchsiaSDKArtifacts' is not required, skipping update.
[        ] Artifact Instance of 'FlutterRunnerSDKArtifacts' is not required, skipping update.
[        ] Artifact Instance of 'FlutterRunnerDebugSymbols' is not required, skipping update.
[   +5 ms] Artifact Instance of 'IosUsbArtifacts' is not required, skipping update.
[        ] Artifact Instance of 'IosUsbArtifacts' is not required, skipping update.
[        ] Artifact Instance of 'IosUsbArtifacts' is not required, skipping update.
[        ] Artifact Instance of 'IosUsbArtifacts' is not required, skipping update.
[        ] Artifact Instance of 'IosUsbArtifacts' is not required, skipping update.
[        ] Artifact Instance of 'IosUsbArtifacts' is not required, skipping update.
[        ] Artifact Instance of 'FontSubsetArtifacts' is not required, skipping update.
[        ] Artifact Instance of 'PubDependencies' is not required, skipping update.
[  +13 ms] Skipping pub get: version match.
[ +158 ms] Found plugin wakelock_plus at C:\Users\ebors\AppData\Local\Pub\Cache\hosted\pub.dev\wakelock_plus-1.4.0\
[  +11 ms] Found plugin package_info_plus at C:\Users\ebors\AppData\Local\Pub\Cache\hosted\pub.dev\package_info_plus-9.0.0\
[   +7 ms] Found plugin share_plus at C:\Users\ebors\AppData\Local\Pub\Cache\hosted\pub.dev\share_plus-12.0.1\
[   +2 ms] Found plugin url_launcher_windows at C:\Users\ebors\AppData\Local\Pub\Cache\hosted\pub.dev\url_launcher_windows-3.1.5\
[   +2 ms] Found plugin url_launcher_web at C:\Users\ebors\AppData\Local\Pub\Cache\hosted\pub.dev\url_launcher_web-2.4.1\
[   +1 ms] Found plugin url_launcher_linux at C:\Users\ebors\AppData\Local\Pub\Cache\hosted\pub.dev\url_launcher_linux-3.2.2\
[   +4 ms] Found plugin path_provider at C:\Users\ebors\AppData\Local\Pub\Cache\hosted\pub.dev\path_provider-2.1.5\
[   +1 ms] Found plugin path_provider_windows at C:\Users\ebors\AppData\Local\Pub\Cache\hosted\pub.dev\path_provider_windows-2.3.0\
[   +3 ms] Found plugin path_provider_linux at C:\Users\ebors\AppData\Local\Pub\Cache\hosted\pub.dev\path_provider_linux-2.2.1\
[   +3 ms] Found plugin path_provider_foundation at C:\Users\ebors\AppData\Local\Pub\Cache\hosted\pub.dev\path_provider_foundation-2.5.1\
[   +2 ms] Found plugin path_provider_android at C:\Users\ebors\AppData\Local\Pub\Cache\hosted\pub.dev\path_provider_android-2.2.22\
[   +2 ms] Found plugin mobile_scanner at C:\Users\ebors\AppData\Local\Pub\Cache\hosted\pub.dev\mobile_scanner-5.2.3\
[  +71 ms] Found plugin wakelock_plus at C:\Users\ebors\AppData\Local\Pub\Cache\hosted\pub.dev\wakelock_plus-1.4.0\
[   +2 ms] Found plugin package_info_plus at C:\Users\ebors\AppData\Local\Pub\Cache\hosted\pub.dev\package_info_plus-9.0.0\
[   +4 ms] Found plugin share_plus at C:\Users\ebors\AppData\Local\Pub\Cache\hosted\pub.dev\share_plus-12.0.1\
[   +1 ms] Found plugin url_launcher_windows at C:\Users\ebors\AppData\Local\Pub\Cache\hosted\pub.dev\url_launcher_windows-3.1.5\
[   +1 ms] Found plugin url_launcher_web at C:\Users\ebors\AppData\Local\Pub\Cache\hosted\pub.dev\url_launcher_web-2.4.1\
[        ] Found plugin url_launcher_linux at C:\Users\ebors\AppData\Local\Pub\Cache\hosted\pub.dev\url_launcher_linux-3.2.2\
[   +1 ms] Found plugin path_provider at C:\Users\ebors\AppData\Local\Pub\Cache\hosted\pub.dev\path_provider-2.1.5\
[        ] Found plugin path_provider_windows at C:\Users\ebors\AppData\Local\Pub\Cache\hosted\pub.dev\path_provider_windows-2.3.0\
[   +1 ms] Found plugin path_provider_linux at C:\Users\ebors\AppData\Local\Pub\Cache\hosted\pub.dev\path_provider_linux-2.2.1\
[   +1 ms] Found plugin path_provider_foundation at C:\Users\ebors\AppData\Local\Pub\Cache\hosted\pub.dev\path_provider_foundation-2.5.1\
[        ] Found plugin path_provider_android at C:\Users\ebors\AppData\Local\Pub\Cache\hosted\pub.dev\path_provider_android-2.2.22\
[   +1 ms] Found plugin mobile_scanner at C:\Users\ebors\AppData\Local\Pub\Cache\hosted\pub.dev\mobile_scanner-5.2.3\
[  +12 ms] Skipping generating web_plugin_registrant.dart because it is up-to-date.
[  +47 ms] Found plugin wakelock_plus at C:\Users\ebors\AppData\Local\Pub\Cache\hosted\pub.dev\wakelock_plus-1.4.0\
[   +2 ms] Found plugin package_info_plus at C:\Users\ebors\AppData\Local\Pub\Cache\hosted\pub.dev\package_info_plus-9.0.0\
[   +2 ms] Found plugin share_plus at C:\Users\ebors\AppData\Local\Pub\Cache\hosted\pub.dev\share_plus-12.0.1\
[        ] Found plugin url_launcher_windows at C:\Users\ebors\AppData\Local\Pub\Cache\hosted\pub.dev\url_launcher_windows-3.1.5\
[   +1 ms] Found plugin url_launcher_web at C:\Users\ebors\AppData\Local\Pub\Cache\hosted\pub.dev\url_launcher_web-2.4.1\
[        ] Found plugin url_launcher_linux at C:\Users\ebors\AppData\Local\Pub\Cache\hosted\pub.dev\url_launcher_linux-3.2.2\
[   +1 ms] Found plugin path_provider at C:\Users\ebors\AppData\Local\Pub\Cache\hosted\pub.dev\path_provider-2.1.5\
[        ] Found plugin path_provider_windows at C:\Users\ebors\AppData\Local\Pub\Cache\hosted\pub.dev\path_provider_windows-2.3.0\
[   +1 ms] Found plugin path_provider_linux at C:\Users\ebors\AppData\Local\Pub\Cache\hosted\pub.dev\path_provider_linux-2.2.1\
[   +1 ms] Found plugin path_provider_foundation at C:\Users\ebors\AppData\Local\Pub\Cache\hosted\pub.dev\path_provider_foundation-2.5.1\
[        ] Found plugin path_provider_android at C:\Users\ebors\AppData\Local\Pub\Cache\hosted\pub.dev\path_provider_android-2.2.22\
[   +1 ms] Found plugin mobile_scanner at C:\Users\ebors\AppData\Local\Pub\Cache\hosted\pub.dev\mobile_scanner-5.2.3\
[   +7 ms] Generating C:\Users\ebors\mat_sjekk\android\app\src\main\java\io\flutter\plugins\GeneratedPluginRegistrant.java
[   +1 ms] Skipping generating GeneratedPluginRegistrant.java because it is up-to-date.
[   +3 ms] Skipping generating generated_plugin_registrant.h because it is up-to-date.
[   +1 ms] Skipping generating generated_plugin_registrant.cc because it is up-to-date.
[   +1 ms] Skipping generating generated_plugins.cmake because it is up-to-date.
[   +1 ms] Skipping generating generated_plugin_registrant.h because it is up-to-date.
[        ] Skipping generating generated_plugin_registrant.cc because it is up-to-date.
[        ] Skipping generating generated_plugins.cmake because it is up-to-date.
[   +1 ms] Skipping generating GeneratedPluginRegistrant.h because it is up-to-date.
[   +1 ms] Skipping generating GeneratedPluginRegistrant.m because it is up-to-date.
[   +1 ms] Skipping generating GeneratedPluginRegistrant.swift because it is up-to-date.
[  +84 ms] No packages with native assets. Skipping native assets compilation.
[   +1 ms] Writing native assets json to file:///C:/Users/ebors/mat_sjekk/build/native_assets/windows/native_assets.json.
[  +22 ms] Writing C:\Users\ebors\mat_sjekk\build\native_assets\windows\native_assets.json done.
[ +141 ms] Manifest contained wildcard assets. Inserting missing file into build graph to force rerun. for more information see #56466.
[  +30 ms] running test package with arguments: [--no-color, --chain-stack-traces, --, file:///C:/Users/ebors/mat_sjekk/test/alert_report_flow_test.dart?]
00:00 +0: loading C:/Users/ebors/mat_sjekk/test/alert_report_flow_test.dart
[ +127 ms] test 0: starting test C:/Users/ebors/mat_sjekk/test/alert_report_flow_test.dart
[   +3 ms] Stopping scan for flutter_test_config.dart; found project root at C:\Users\ebors\mat_sjekk
[   +6 ms] Compiler will use the following file as its incremental dill file: C:\Users\ebors\AppData\Local\Temp\flutter_tools.6101abd3\flutter_test_compiler.17f36ae3\output.dill
[        ] Listening to compiler controller...
[   +5 ms] Compiling file:///C:/Users/ebors/AppData/Local/Temp/flutter_tools.6101abd3/flutter_test_listener.1b610b0e/listener.dart
[  +52 ms] Found plugin wakelock_plus at C:\Users\ebors\AppData\Local\Pub\Cache\hosted\pub.dev\wakelock_plus-1.4.0\
[   +2 ms] Found plugin package_info_plus at C:\Users\ebors\AppData\Local\Pub\Cache\hosted\pub.dev\package_info_plus-9.0.0\
[   +2 ms] Found plugin share_plus at C:\Users\ebors\AppData\Local\Pub\Cache\hosted\pub.dev\share_plus-12.0.1\
[        ] Found plugin url_launcher_windows at C:\Users\ebors\AppData\Local\Pub\Cache\hosted\pub.dev\url_launcher_windows-3.1.5\
[   +1 ms] Found plugin url_launcher_web at C:\Users\ebors\AppData\Local\Pub\Cache\hosted\pub.dev\url_launcher_web-2.4.1\
[        ] Found plugin url_launcher_linux at C:\Users\ebors\AppData\Local\Pub\Cache\hosted\pub.dev\url_launcher_linux-3.2.2\
[   +1 ms] Found plugin path_provider at C:\Users\ebors\AppData\Local\Pub\Cache\hosted\pub.dev\path_provider-2.1.5\
[        ] Found plugin path_provider_windows at C:\Users\ebors\AppData\Local\Pub\Cache\hosted\pub.dev\path_provider_windows-2.3.0\
[   +1 ms] Found plugin path_provider_linux at C:\Users\ebors\AppData\Local\Pub\Cache\hosted\pub.dev\path_provider_linux-2.2.1\
[   +1 ms] Found plugin path_provider_foundation at C:\Users\ebors\AppData\Local\Pub\Cache\hosted\pub.dev\path_provider_foundation-2.5.1\
[   +1 ms] Found plugin path_provider_android at C:\Users\ebors\AppData\Local\Pub\Cache\hosted\pub.dev\path_provider_android-2.2.22\
[   +1 ms] Found plugin mobile_scanner at C:\Users\ebors\AppData\Local\Pub\Cache\hosted\pub.dev\mobile_scanner-5.2.3\
[   +5 ms] Skipping generating dart_plugin_registrant.dart because it is up-to-date.
[   +2 ms] C:\src\flutter\bin\cache\dart-sdk\bin\dartaotruntime.exe C:\src\flutter\bin\cache\dart-sdk\bin\snapshots\frontend_server_aot.dart.snapshot --sdk-root C:\src\flutter\bin\cache\artifacts\engine\common\flutter_patched_sdk/ --incremental --no-print-incremental-dependencies --target=flutter --experimental-emit-debug-metadata -DFLUTTER_VERSION=3.35.7 -DFLUTTER_CHANNEL=stable -DFLUTTER_GIT_URL=https://github.com/flutter/flutter.git -DFLUTTER_FRAMEWORK_REVISION=adc9010625 -DFLUTTER_ENGINE_REVISION=035316565a -DFLUTTER_DART_VERSION=3.9.2 --output-dill C:\Users\ebors\AppData\Local\Temp\flutter_tools.6101abd3\flutter_test_compiler.17f36ae3\output.dill --packages C:\Users\ebors\mat_sjekk\.dart_tool\package_config.json -Ddart.vm.profile=false -Ddart.vm.product=false --enable-asserts --track-widget-creation --initialize-from-dill C:\Users\ebors\mat_sjekk\build\test_cache\build\892b637c16d52470fb7b14b9d9897587.cache.dill.track.dill --verbosity=error
[  +12 ms] <- compile file:///C:/Users/ebors/AppData/Local/Temp/flutter_tools.6101abd3/flutter_test_listener.1b610b0e/listener.dart
[+1333 ms] <- accept
[        ] <- reset
[        ] Compiling file:///C:/Users/ebors/AppData/Local/Temp/flutter_tools.6101abd3/flutter_test_listener.1b610b0e/listener.dart took 1421ms
[        ] test 0: starting test device
[   +2 ms] test 0: awaiting connection to test device
[        ] test 0: VM Service uri is not available
[   +2 ms] test 0: test harness socket server is running at port:63576
[   +1 ms] Using this directory for fonts configuration: C:\Users\ebors\AppData\Local\Temp\flutter_tools.6101abd3\flutter_test_fonts.61cba67c
[   +1 ms] test 0: Starting flutter_tester process with command=[C:\src\flutter\bin\cache\artifacts\engine\windows-x64\flutter_tester.exe, --disable-vm-service, --enable-checked-mode, --verify-entry-points, --enable-software-rendering, --skia-deterministic-rendering, --enable-dart-profiling, --non-interactive, --use-test-fonts, --disable-asset-fonts, --packages=C:\Users\ebors\mat_sjekk\.dart_tool\package_config.json, --flutter-assets-dir=C:\Users\ebors\mat_sjekk\build\unit_test_assets, C:\Users\ebors\AppData\Local\Temp\flutter_tools.6101abd3\flutter_test_listener.1b610b0e\listener.dart.dill], environment={FLUTTER_TEST: true, FONTCONFIG_FILE: C:\Users\ebors\AppData\Local\Temp\flutter_tools.6101abd3\flutter_test_fonts.61cba67c/fonts.conf, SERVER_PORT: 63576, APP_NAME: mat_sjekk, UNIT_TEST_ASSETS: C:\Users\ebors\mat_sjekk\build\unit_test_assets, PATH: C:\Users\ebors\mat_sjekk\build\native_assets\windows\;C:\src\flutter\bin\;c:\Users\ebors\AppData\Roaming\Code\User\globalStorage\github.copilot-chat\debugCommand;c:\Users\ebors\AppData\Roaming\Code\User\globalStorage\github.copilot-chat\copilotCli;C:\WINDOWS\system32;C:\WINDOWS;C:\WINDOWS\System32\Wbem;C:\WINDOWS\System32\WindowsPowerShell\v1.0\;C:\WINDOWS\System32\OpenSSH\;C:\Program Files\Git\cmd;C:\Users\ebors\AppData\Local\Microsoft\WindowsApps;C:\Users\ebors\AppData\Local\Programs\Microsoft VS Code\bin;C:\src\flutter\bin;C:\Users\ebors\AppData\Local\Python\bin;C:\Users\ebors\AppData\Local\Android\platform-tools;C:\src\flutter\bin\mingit\cmd}
[   +9 ms] test 0: Started flutter_tester process at pid 16016
[ +293 ms] test 0: connected to test device, now awaiting test result
[        ] test 0: Waiting for test harness or tests to finish
00:00 +0: (setUpAll)
TEST: tempDir -> C:\Users\ebors\AppData\Local\Temp\hive_test_b962d89
TEST: initializing Hive at C:\Users\ebors\AppData\Local\Temp\hive_test_b962d89
TEST: opening alerts_feedback box...
TEST: opened alerts_feedback box
00:00 +0: Alert -> Report persists feedback in Hive
TEST: entering widget test
TEST: about to initialize hive feedback_list
